###############################################################################
#
# IAR ELF Linker V9.30.1.335/W64 for ARM                  06/Dec/2022  08:47:02
# Copyright 2007-2022 IAR Systems AB.
#
#    Output file  =
#        C:\Users\lucas\Documents\UTFPR\Semestre\Sistemas
#        Embarcados\LucasLeyser\sist-emb\Projeto_Final\Debug\Exe\Projeto_Final.out
#    Map file     =
#        C:\Users\lucas\Documents\UTFPR\Semestre\Sistemas
#        Embarcados\LucasLeyser\sist-emb\Projeto_Final\Debug\List\Projeto_Final.map
#    Command line =
#        -f "C:\Users\lucas\Documents\UTFPR\Semestre\Sistemas
#        Embarcados\LucasLeyser\sist-emb\Projeto_Final\Debug\Exe\Projeto_Final.out.rsp"
#        ("C:\Users\lucas\Documents\UTFPR\Semestre\Sistemas
#        Embarcados\LucasLeyser\sist-emb\Projeto_Final\Debug\Obj\cfaf128x128x16.o"
#        "C:\Users\lucas\Documents\UTFPR\Semestre\Sistemas
#        Embarcados\LucasLeyser\sist-emb\Projeto_Final\Debug\Obj\joystick.o"
#        "C:\Users\lucas\Documents\UTFPR\Semestre\Sistemas
#        Embarcados\LucasLeyser\sist-emb\Projeto_Final\Debug\Obj\lcd.o"
#        "C:\Users\lucas\Documents\UTFPR\Semestre\Sistemas
#        Embarcados\LucasLeyser\sist-emb\Projeto_Final\Debug\Obj\main.o"
#        "C:\Users\lucas\Documents\UTFPR\Semestre\Sistemas
#        Embarcados\LucasLeyser\sist-emb\Projeto_Final\Debug\Obj\pause_button.o"
#        "C:\Users\lucas\Documents\UTFPR\Semestre\Sistemas
#        Embarcados\LucasLeyser\sist-emb\Projeto_Final\Debug\Obj\snake_list.o"
#        "C:\Users\lucas\Documents\UTFPR\Semestre\Sistemas
#        Embarcados\LucasLeyser\sist-emb\Projeto_Final\Debug\Obj\startup_ewarm.o"
#        "C:\Users\lucas\Documents\UTFPR\Semestre\Sistemas
#        Embarcados\LucasLeyser\sist-emb\Projeto_Final\Debug\Obj\tx_initialize_low_level.o"
#        --no_out_extension -o
#        "C:\Users\lucas\Documents\UTFPR\Semestre\Sistemas
#        Embarcados\LucasLeyser\sist-emb\Projeto_Final\Debug\Exe\Projeto_Final.out"
#        --redirect _Printf=_PrintfFullNoMb --redirect _Scanf=_ScanfFullNoMb
#        --map "C:\Users\lucas\Documents\UTFPR\Semestre\Sistemas
#        Embarcados\LucasLeyser\sist-emb\Projeto_Final\Debug\List\Projeto_Final.map"
#        --config "C:\Users\lucas\Documents\UTFPR\Semestre\Sistemas
#        Embarcados\LucasLeyser\sist-emb\Projeto_Final\Tiva.icf" --semihosting
#        "C:\Users\lucas\Documents\UTFPR\Semestre\Sistemas
#        Embarcados\LucasLeyser\sist-emb\Projeto_Final\..\..\TivaWare_C_Series-2.2.0.295\driverlib\ewarm\Exe\driverlib.a"
#        "C:\Users\lucas\Documents\UTFPR\Semestre\Sistemas
#        Embarcados\LucasLeyser\sist-emb\Projeto_Final\..\..\TivaWare_C_Series-2.2.0.295\grlib\ewarm\Exe\grlib.a"
#        "C:\Users\lucas\Documents\UTFPR\Semestre\Sistemas
#        Embarcados\LucasLeyser\sist-emb\Projeto_Final\..\..\ThreadX\ports\cortex_m4\iar\example_build\Debug\Exe\tx.a"
#        --entry __iar_program_start --vfe --threaded_lib --text_out locale
#        --cpu=Cortex-M4 --fpu=VFPv4_sp)
#
###############################################################################

*******************************************************************************
*** MESSAGES
***

Warning[Lt009]: Inconsistent wchar_t size
            string.o(grlib.a) and 5 other objects in grlib.a have wchar_t size
                      16 bits
            cfaf128x128x16.o and 99 other objects, some of them in driverlib.a
                      and 89 other libraries have wchar_t size 32 bits


*******************************************************************************
*** RUNTIME MODEL ATTRIBUTES
***

CppFlavor        = *
__CPP_Exceptions = Disabled
__CPP_Language   = C++14
__CPP_Library    = DLib
__CPP_Runtime    = 1
__Heap_Handler   = Basic
__SystemLibrary  = DLib
__dlib_version   = 6


*******************************************************************************
*** HEAP SELECTION
***

The basic heap was selected because --advanced_heap
was not specified and the application did not appear to
be primarily optimized for speed.


*******************************************************************************
*** PLACEMENT SUMMARY
***

"A0":  place at start of [from 0x0 to 0xf'ffff] { ro section .intvec };
"P1":  place in [from 0x0 to 0xf'ffff] { ro };
define block CSTACK with size = 32K, alignment = 8 { };
define block HEAP with size = 64K, alignment = 8 { };
define block RAM_bl
   with fixed order {
      section VTABLE, rw, block CSTACK, block HEAP, section FREE_MEM };
"P2":  place in [from 0x2000'0000 to 0x2003'ffff] { block RAM_bl };
initialize by copy { rw };

  Section            Kind         Address      Size  Object
  -------            ----         -------      ----  ------
"A0":                                         0x240
  .intvec            const            0x0     0x200  startup_ewarm.o [1]
  .intvec            ro code        0x200      0x40  vector_table_M.o [7]
                                  - 0x240     0x240

"P1":                                        0x7738
  .text              ro code        0x240     0xe8e  xprintffull_nomb.o [2]
  .text              ro code       0x10ce      0x2a  copy_init3.o [7]
  .text              ro code       0x10f8      0x16  strchr.o [7]
  .text              ro code       0x110e       0xa  xsprout.o [2]
  .text              ro code       0x1118      0x40  xfail_s.o [2]
  .text              ro code       0x1158      0x36  strlen.o [7]
  .text              ro code       0x118e       0x2  startup_ewarm.o [1]
  .text              ro code       0x1190      0x58  memchr.o [7]
  .text              ro code       0x11e8      0xa6  ABImemcpy.o [7]
  .text              ro code       0x128e       0x2  startup_ewarm.o [1]
  .text              ro code       0x1290      0x70  frexp.o [6]
  .text              ro code       0x1300      0x34  DblCmpLe.o [6]
  .text              ro code       0x1334      0x34  DblCmpGe.o [6]
  .text              ro code       0x1368     0x13a  ldexp.o [6]
  .text              ro code       0x14a2       0x2  startup_ewarm.o [1]
  .text              ro code       0x14a4      0x36  DblToS32.o [6]
  .text              ro code       0x14da       0x2  startup_ewarm.o [1]
  .text              ro code       0x14dc      0x22  S32ToDbl.o [6]
  .text              ro code       0x14fe       0x2  startup_ewarm.o [1]
  .text              ro code       0x1500     0x25e  DblAddSub.o [6]
  .text              ro code       0x175e       0x2  startup_ewarm.o [1]
  .text              ro code       0x1760     0x246  DblDiv.o [6]
  .text              ro code       0x19a6       0x2  startup_ewarm.o [1]
  .text              ro code       0x19a8      0x22  DblToU32.o [6]
  .text              ro code       0x19ca       0x2  startup_ewarm.o [1]
  .text              ro code       0x19cc      0x1c  U32ToDbl.o [6]
  .text              ro code       0x19e8     0x1aa  DblMul.o [6]
  .text              ro code       0x1b92       0x2  startup_ewarm.o [1]
  .text              ro code       0x1b94     0x230  I64DivMod.o [7]
  .text              ro code       0x1dc4       0x6  abort.o [2]
  .text              ro code       0x1dca       0x2  startup_ewarm.o [1]
  .text              ro code       0x1dcc       0x2  I64DivZer.o [7]
  .text              ro code       0x1dce       0x2  vectortrap_M.o [7]
  .text              ro code       0x1dd0      0x14  exit.o [8]
  .text              ro code       0x1de4     0x7c8  cfaf128x128x16.o [1]
  .text              ro code       0x25ac     0x2a8  sysctl.o [4]
  .text              ro code       0x2854     0x638  main.o [1]
  .text              ro code       0x2e8c      0x4c  tx_initialize_kernel_enter.o [10]
  .text              ro code       0x2ed8      0xd8  txe_byte_pool_create.o [10]
  .text              ro code       0x2fb0      0x98  txe_byte_allocate.o [10]
  .text              ro code       0x3048     0x15c  txe_thread_create.o [10]
  .text              ro code       0x31a4      0xf0  txe_queue_create.o [10]
  .text              ro code       0x3294      0xec  txe_block_pool_create.o [10]
  .text              ro code       0x3380      0xb4  txe_event_flags_create.o [10]
  .text              ro code       0x3434      0x60  txe_block_allocate.o [10]
  .text              ro code       0x3494      0x30  txe_block_release.o [10]
  .text              ro code       0x34c4     0x144  snake_list.o [1]
  .text              ro code       0x3608      0x60  txe_queue_send.o [10]
  .text              ro code       0x3668      0x60  txe_queue_receive.o [10]
  .text              ro code       0x36c8     0x534  lcd.o [1]
  .text              ro code       0x3bfc      0x38  txe_thread_terminate.o [10]
  .text              ro code       0x3c34      0x48  FltToDbl.o [6]
  .text              ro code       0x3c7c      0x90  tx_thread_sleep.o [10]
  .text              ro code       0x3d0c     0x110  joystick.o [1]
  .text              ro code       0x3e1c      0x20  txe_thread_resume.o [10]
  .text              ro code       0x3e3c      0xa0  pause_button.o [1]
  .text              ro code       0x3edc      0x70  txe_event_flags_get.o [10]
  .text              ro code       0x3f4c      0x20  txe_thread_suspend.o [10]
  .text              ro code       0x3f6c      0x74  tx_initialize_low_level.o [1]
  .text              ro code       0x3fe0      0x84  tx_initialize_high_level.o [10]
  .text              ro code       0x4064      0x50  xsyslock_mtx.o [9]
  .text              ro code       0x40b4      0xa0  tx_thread_schedule.o [10]
  .text              ro code       0x4154      0x40  tx_thread_system_preempt_check.o [10]
  .text              ro code       0x4194      0x9c  tx_byte_pool_create.o [10]
  .text              ro code       0x4230      0xf4  tx_byte_allocate.o [10]
  .text              ro code       0x4324     0x158  tx_thread_create.o [10]
  .text              ro code       0x447c      0x84  tx_queue_create.o [10]
  .text              ro code       0x4500      0xb0  tx_block_pool_create.o [10]
  .text              ro code       0x45b0      0x58  tx_event_flags_create.o [10]
  .text              ro code       0x4608      0xac  tx_block_allocate.o [10]
  .text              ro code       0x46b4      0x6c  tx_block_release.o [10]
  .text              ro code       0x4720     0x13c  heap0.o [2]
  .text              ro code       0x485c       0x4  heaptramp0.o [2]
  .text              ro code       0x4860       0x4  time_trampoline.o [2]
  .text              ro code       0x4864      0xa4  rand.o [2]
  .text              ro code       0x4908     0x164  tx_queue_send.o [10]
  .text              ro code       0x4a6c     0x1ec  tx_queue_receive.o [10]
  .text              ro code       0x4c58     0x452  string.o [5]
  .text              ro code       0x50aa      0xb2  rectangle.o [5]
  .text              ro code       0x515c      0x78  context.o [5]
  .text              ro code       0x51d4      0x40  sprintf.o [2]
  .text              ro code       0x5214      0xe4  tx_thread_terminate.o [10]
  .text              ro code       0x52f8     0x1c8  tx_thread_system_suspend.o [10]
  .text              ro code       0x54c0     0x244  gpio.o [4]
  .text              ro code       0x5704     0x174  adc.o [4]
  .text              ro code       0x5878      0x70  tx_thread_resume.o [10]
  .text              ro code       0x58e8      0xd8  interrupt.o [4]
  .text              ro code       0x59c0      0x34  txe_event_flags_set.o [10]
  .text              ro code       0x59f4      0xf4  tx_event_flags_get.o [10]
  .text              ro code       0x5ae8      0x90  tx_thread_suspend.o [10]
  .text              ro code       0x5b78      0xb8  tx_timer_interrupt.o [10]
  .text              ro code       0x5c30      0x88  tx_thread_initialize.o [10]
  .text              ro code       0x5cb8      0xe0  tx_timer_initialize.o [10]
  .text              ro code       0x5d98     0x114  tx_iar.o [10]
  .text              ro code       0x5eac      0x66  ABImemset.o [7]
  .rodata            const         0x5f12       0x1  unwind_debug.o [8]
  .text              ro code       0x5f14     0x124  tx_byte_pool_search.o [10]
  .text              ro code       0x6038      0x44  tx_thread_stack_build.o [10]
  .text              ro code       0x607c     0x144  tx_thread_system_resume.o [10]
  .text              ro code       0x61c0      0x2c  xgetmemchunk.o [2]
  .text              ro code       0x61ec      0x14  time64.o [8]
  .text              ro code       0x6200      0x2e  tx_timer_system_deactivate.o [10]
  .text              ro code       0x6230      0x64  tx_timer_system_activate.o [10]
  .text              ro code       0x6294       0x8  cpu.o [4]
  .text              ro code       0x629c     0x22c  tx_event_flags_set.o [10]
  .text              ro code       0x64c8      0x24  tx_timer_expiration_process.o [10]
  .text              ro code       0x64ec      0x68  tx_thread_time_slice.o [10]
  .text              ro code       0x6554      0x3c  tlsinit.o [9]
  .text              ro code       0x6590      0x6c  tx_mutex_create.o [10]
  .text              ro code       0x65fc      0xb4  tx_mutex_delete.o [10]
  .text              ro code       0x66b0     0x118  tx_mutex_get.o [10]
  .text              ro code       0x67c8     0x220  tx_mutex_put.o [10]
  .text              ro code       0x69e8       0x6  ABImemclr.o [7]
  .text              ro code       0x69f0      0xf0  tx_mutex_priority_change.o [10]
  .text              ro code       0x6ae0      0xb0  tx_mutex_prioritize.o [10]
  .rodata            const         0x6b90     0x3c0  fontfixed6x8.o [5]
  .rodata            const         0x6f50     0x1b0  sysctl.o [4]
  .text              ro code       0x7100     0x130  tx_timer_thread_entry.o [10]
  .text              ro code       0x7230      0xc8  tx_mutex_cleanup.o [10]
  .rodata            const         0x72f8      0x9c  interrupt.o [4]
  .text              ro code       0x7394      0x94  tx_queue_cleanup.o [10]
  .text              ro code       0x7428      0x90  tx_event_flags_cleanup.o [10]
  .text              ro code       0x74b8      0x88  tx_block_pool_cleanup.o [10]
  .text              ro code       0x7540      0x88  tx_byte_pool_cleanup.o [10]
  .text              ro code       0x75c8      0x78  tx_thread_shell_entry.o [10]
  .rodata            const         0x7640      0x6c  sysctl.o [4]
  .text              ro code       0x76ac      0x38  tx_thread_timeout.o [10]
  .text              ro code       0x76e4      0x38  zero_init3.o [7]
  .rodata            const         0x771c      0x30  sysctl.o [4]
  .rodata            const         0x774c      0x28  cfaf128x128x16.o [1]
  .text              ro code       0x7774      0x28  data_init.o [7]
  .text              ro code       0x779c      0x22  fpinit_M.o [6]
  .iar.init_table    const         0x77c0      0x2c  - Linker created -
  .text              ro code       0x77ec      0x1e  cmain.o [7]
  .text              ro code       0x780a       0x4  low_level_init.o [2]
  .text              ro code       0x780e       0x4  exit.o [2]
  .text              ro code       0x7814       0xe  cexit.o [7]
  .text              ro code       0x7824      0x1c  cstartup_M.o [7]
  .rodata            const         0x7840      0x18  lcd.o [1]
  .rodata            const         0x7858      0x18  tx_iar.o [10]
  .rodata            const         0x7870      0x14  lcd.o [1]
  .rodata            const         0x7884      0x14  tx_timer_initialize.o [10]
  Initializer bytes  const         0x7898      0x14  <for rw-1>
  .rodata            const         0x78ac      0x10  lcd.o [1]
  .rodata            const         0x78bc      0x10  lcd.o [1]
  .rodata            const         0x78cc      0x10  main.o [1]
  .rodata            const         0x78dc      0x10  main.o [1]
  .rodata            const         0x78ec       0xc  lcd.o [1]
  .rodata            const         0x78f8       0xc  lcd.o [1]
  .rodata            const         0x7904       0xc  main.o [1]
  .rodata            const         0x7910       0xc  main.o [1]
  .rodata            const         0x791c       0xc  main.o [1]
  .rodata            const         0x7928       0xc  main.o [1]
  .rodata            const         0x7934       0xc  main.o [1]
  .rodata            const         0x7940       0xc  main.o [1]
  .rodata            const         0x794c       0xc  main.o [1]
  .rodata            const         0x7958       0x8  cfaf128x128x16.o [1]
  .rodata            const         0x7960       0x8  lcd.o [1]
  .rodata            const         0x7968       0x8  lcd.o [1]
  .text              ro code       0x7970       0x8  charmap.o [5]
  .text              ro code       0x7978       0x0  cstart_clearlocks.o [7]
  .rodata            const         0x7978       0x0  zero_init3.o [7]
  .rodata            const         0x7978       0x0  copy_init3.o [7]
                                 - 0x7978    0x7738

"P2":                                      0x1'b240
  RAM_bl                      0x2000'0000  0x1'b240  <Block>
    VTABLE           uninit   0x2000'0000     0x26c  interrupt.o [4]
    rw-1                      0x2000'026c      0x11  <Init block>
      .data          inited   0x2000'026c       0x4  main.o [1]
      .data          inited   0x2000'0270       0x4  tx_thread_initialize.o [10]
      .data          inited   0x2000'0274       0x8  rand.o [2]
      .data          inited   0x2000'027c       0x1  pause_button.o [1]
    .bss             zero     0x2000'0280       0x4  cfaf128x128x16.o [1]
    .bss             zero     0x2000'0284       0x4  joystick.o [1]
    .bss             zero     0x2000'0288       0x4  joystick.o [1]
    .bss             zero     0x2000'028c      0x2c  lcd.o [1]
    .bss             zero     0x2000'02b8      0xb8  main.o [1]
    .bss             zero     0x2000'0370      0xb8  main.o [1]
    .bss             zero     0x2000'0428      0xb8  main.o [1]
    .bss             zero     0x2000'04e0      0xb8  main.o [1]
    .bss             zero     0x2000'0598      0x3c  main.o [1]
    .bss             zero     0x2000'05d4      0x3c  main.o [1]
    .bss             zero     0x2000'0610      0x34  main.o [1]
    .bss             zero     0x2000'0644      0x30  main.o [1]
    .bss             zero     0x2000'0674      0x28  main.o [1]
    .bss             zero     0x2000'069c    0x23a0  main.o [1]
    .bss             zero     0x2000'2a3c       0x4  main.o [1]
    .bss             zero     0x2000'2a40       0x4  main.o [1]
    .bss             zero     0x2000'2a44       0x4  main.o [1]
    .bss             zero     0x2000'2a48       0x4  main.o [1]
    .bss             zero     0x2000'2a4c       0x4  main.o [1]
    .bss             zero     0x2000'2a50       0x4  main.o [1]
    .bss             zero     0x2000'2a54       0x4  context.o [5]
    .bss             zero     0x2000'2a58       0x4  tx_thread_initialize.o [10]
    .bss             zero     0x2000'2a5c       0x4  tx_thread_initialize.o [10]
    .bss             zero     0x2000'2a60       0x4  tx_thread_initialize.o [10]
    .bss             zero     0x2000'2a64       0x4  tx_thread_initialize.o [10]
    .bss             zero     0x2000'2a68       0x4  tx_thread_initialize.o [10]
    .bss             zero     0x2000'2a6c       0x4  tx_thread_initialize.o [10]
    .bss             zero     0x2000'2a70       0x4  tx_thread_initialize.o [10]
    .bss             zero     0x2000'2a74       0x4  tx_thread_initialize.o [10]
    .bss             zero     0x2000'2a78      0x80  tx_thread_initialize.o [10]
    .bss             zero     0x2000'2af8       0x4  tx_thread_initialize.o [10]
    .bss             zero     0x2000'2afc       0x4  tx_thread_initialize.o [10]
    .bss             zero     0x2000'2b00       0x4  tx_thread_initialize.o [10]
    .bss             zero     0x2000'2b04       0x4  tx_initialize_high_level.o [10]
    .bss             zero     0x2000'2b08       0x4  tx_initialize_high_level.o [10]
    .bss             zero     0x2000'2b0c       0x4  tx_initialize_high_level.o [10]
    .bss             zero     0x2000'2b10       0x4  tx_initialize_high_level.o [10]
    .bss             zero     0x2000'2b14       0x4  tx_initialize_high_level.o [10]
    .bss             zero     0x2000'2b18       0x4  tx_initialize_high_level.o [10]
    .bss             zero     0x2000'2b1c       0x4  tx_initialize_high_level.o [10]
    .bss             zero     0x2000'2b20       0x4  tx_initialize_high_level.o [10]
    .bss             zero     0x2000'2b24       0x4  tx_initialize_high_level.o [10]
    .bss             zero     0x2000'2b28       0x4  tx_initialize_high_level.o [10]
    .bss             zero     0x2000'2b2c       0x4  tx_initialize_high_level.o [10]
    .bss             zero     0x2000'2b30       0x4  tx_initialize_high_level.o [10]
    .bss             zero     0x2000'2b34       0x4  tx_initialize_high_level.o [10]
    .bss             zero     0x2000'2b38       0x4  tx_timer_initialize.o [10]
    .bss             zero     0x2000'2b3c       0x4  tx_timer_initialize.o [10]
    .bss             zero     0x2000'2b40      0x80  tx_timer_initialize.o [10]
    .bss             zero     0x2000'2bc0       0x4  tx_timer_initialize.o [10]
    .bss             zero     0x2000'2bc4       0x4  tx_timer_initialize.o [10]
    .bss             zero     0x2000'2bc8       0x4  tx_timer_initialize.o [10]
    .bss             zero     0x2000'2bcc       0x4  tx_timer_initialize.o [10]
    .bss             zero     0x2000'2bd0       0x4  tx_timer_initialize.o [10]
    .bss             zero     0x2000'2bd4       0x4  tx_timer_initialize.o [10]
    .bss             zero     0x2000'2bd8       0x4  tx_timer_initialize.o [10]
    .bss             zero     0x2000'2bdc      0xb8  tx_timer_initialize.o [10]
    .bss             zero     0x2000'2c94       0x4  tx_timer_initialize.o [10]
    .bss             zero     0x2000'2c98       0x4  tx_timer_initialize.o [10]
    .bss             zero     0x2000'2c9c       0x4  tx_timer_initialize.o [10]
    .bss             zero     0x2000'2ca0     0x400  tx_timer_initialize.o [10]
    .bss             zero     0x2000'30a0       0x4  tx_timer_initialize.o [10]
    .bss             zero     0x2000'30a4      0xd0  tx_iar.o [10]
    .bss             zero     0x2000'3174       0x4  tx_iar.o [10]
    .bss             zero     0x2000'3178       0x4  tx_iar.o [10]
    .bss             zero     0x2000'317c       0x4  tx_iar.o [10]
    .bss             zero     0x2000'3180       0x4  tx_iar.o [10]
    .bss             zero     0x2000'3184      0x84  rand.o [2]
    .bss             zero     0x2000'3208      0x10  xsyslock_mtx.o [9]
    .bss             zero     0x2000'3218       0x8  heap0.o [2]
    .bss             zero     0x2000'3220       0x4  xfail_s.o [2]
    .bss             zero     0x2000'3224       0x4  xgetmemchunk.o [2]
    .bss             zero     0x2000'3228       0x1  cfaf128x128x16.o [1]
    CSTACK                    0x2000'3230    0x8000  <Block>
      CSTACK         uninit   0x2000'3230    0x8000  <Block tail>
    HEAP                      0x2000'b230  0x1'0000  <Block>
      HEAP           uninit   0x2000'b230  0x1'0000  <Block tail>
    FREE_MEM         zero     0x2001'b230      0x10  tx_initialize_low_level.o [1]
                            - 0x2001'b240  0x1'b240

Unused ranges:

         From           To      Size
         ----           --      ----
       0x7978     0xf'ffff  0xf'8688
  0x2001'b240  0x2003'ffff  0x2'4dc0


*******************************************************************************
*** INIT TABLE
***

          Address      Size
          -------      ----
Zero (__iar_zero_init3)
    2 destination ranges, total size 0x2fb9:
          0x2000'0280  0x2fa9
          0x2001'b230    0x10

Copy (__iar_copy_init3)
    1 source range, total size 0x14 (117% of destination):
               0x7898    0x14
    1 destination range, total size 0x11:
          0x2000'026c    0x11



*******************************************************************************
*** MODULE SUMMARY
***

    Module                            ro code  ro data  rw data
    ------                            -------  -------  -------
command line/config:
    -----------------------------------------------------------
    Total:

C:\Users\lucas\Documents\UTFPR\Semestre\Sistemas Embarcados\LucasLeyser\sist-emb\Projeto_Final\Debug\Obj: [1]
    cfaf128x128x16.o                    1'992       48        5
    joystick.o                            272                 8
    lcd.o                               1'332      116       44
    main.o                              1'592      120   10'144
    pause_button.o                        160        1        1
    snake_list.o                          324
    startup_ewarm.o                        20      512
    tx_initialize_low_level.o             116                16
    -----------------------------------------------------------
    Total:                              5'808      797   10'218

dl7M_tln.a: [2]
    abort.o                                 6
    exit.o                                  4
    heap0.o                               316                 8
    heaptramp0.o                            4
    low_level_init.o                        4
    rand.o                                164        8      140
    sprintf.o                              64
    time_trampoline.o                       4
    xfail_s.o                              64                 4
    xgetmemchunk.o                         44                 4
    xprintffull_nomb.o                  3'726
    xsprout.o                              10
    -----------------------------------------------------------
    Total:                              4'410        8      156

dlpprt7M_tl_nc.a: [3]
    -----------------------------------------------------------
    Total:

driverlib.a: [4]
    adc.o                                 372
    cpu.o                                   8
    gpio.o                                580
    interrupt.o                           216      156      620
    sysctl.o                              680      588
    -----------------------------------------------------------
    Total:                              1'856      744      620

grlib.a: [5]
    charmap.o                               8
    context.o                             120                 4
    fontfixed6x8.o                                 960
    rectangle.o                           178
    string.o                            1'106
    -----------------------------------------------------------
    Total:                              1'412      960        4

m7M_tls.a: [6]
    DblAddSub.o                           606
    DblCmpGe.o                             52
    DblCmpLe.o                             52
    DblDiv.o                              582
    DblMul.o                              426
    DblToS32.o                             54
    DblToU32.o                             34
    FltToDbl.o                             72
    S32ToDbl.o                             34
    U32ToDbl.o                             28
    fpinit_M.o                             34
    frexp.o                               112
    ldexp.o                               314
    -----------------------------------------------------------
    Total:                              2'400

rt7M_tl.a: [7]
    ABImemclr.o                             6
    ABImemcpy.o                           166
    ABImemset.o                           102
    I64DivMod.o                           560
    I64DivZer.o                             2
    cexit.o                                14
    cmain.o                                30
    copy_init3.o                           42
    cstart_clearlocks.o
    cstartup_M.o                           28
    data_init.o                            40
    memchr.o                               88
    strchr.o                               22
    strlen.o                               54
    vector_table_M.o                       64
    vectortrap_M.o                          2
    zero_init3.o                           56
    -----------------------------------------------------------
    Total:                              1'276

shb_l.a: [8]
    exit.o                                 20
    time64.o                               20
    unwind_debug.o                                   1
    -----------------------------------------------------------
    Total:                                 40        1

th7M_tln.a: [9]
    tlsinit.o                              60
    xsyslock_mtx.o                         80                16
    -----------------------------------------------------------
    Total:                                140                16

tx.a: [10]
    tx_block_allocate.o                   172
    tx_block_pool_cleanup.o               136
    tx_block_pool_create.o                176
    tx_block_release.o                    108
    tx_byte_allocate.o                    244
    tx_byte_pool_cleanup.o                136
    tx_byte_pool_create.o                 156
    tx_byte_pool_search.o                 292
    tx_event_flags_cleanup.o              144
    tx_event_flags_create.o                88
    tx_event_flags_get.o                  244
    tx_event_flags_set.o                  556
    tx_iar.o                              276       24      224
    tx_initialize_high_level.o            132                52
    tx_initialize_kernel_enter.o           76
    tx_mutex_cleanup.o                    200
    tx_mutex_create.o                     108
    tx_mutex_delete.o                     180
    tx_mutex_get.o                        280
    tx_mutex_prioritize.o                 176
    tx_mutex_priority_change.o            240
    tx_mutex_put.o                        544
    tx_queue_cleanup.o                    148
    tx_queue_create.o                     132
    tx_queue_receive.o                    492
    tx_queue_send.o                       356
    tx_thread_create.o                    344
    tx_thread_initialize.o                136        4      176
    tx_thread_resume.o                    112
    tx_thread_schedule.o                  160
    tx_thread_shell_entry.o               120
    tx_thread_sleep.o                     144
    tx_thread_stack_build.o                68
    tx_thread_suspend.o                   144
    tx_thread_system_preempt_check.o       64
    tx_thread_system_resume.o             324
    tx_thread_system_suspend.o            456
    tx_thread_terminate.o                 228
    tx_thread_time_slice.o                104
    tx_thread_timeout.o                    56
    tx_timer_expiration_process.o          36
    tx_timer_initialize.o                 224       20    1'388
    tx_timer_interrupt.o                  184
    tx_timer_system_activate.o            100
    tx_timer_system_deactivate.o           46
    tx_timer_thread_entry.o               304
    txe_block_allocate.o                   96
    txe_block_pool_create.o               236
    txe_block_release.o                    48
    txe_byte_allocate.o                   152
    txe_byte_pool_create.o                216
    txe_event_flags_create.o              180
    txe_event_flags_get.o                 112
    txe_event_flags_set.o                  52
    txe_queue_create.o                    240
    txe_queue_receive.o                    96
    txe_queue_send.o                       96
    txe_thread_create.o                   348
    txe_thread_resume.o                    32
    txe_thread_suspend.o                   32
    txe_thread_terminate.o                 56
    -----------------------------------------------------------
    Total:                             11'138       48    1'840

    Gaps                                    9        2        3
    Linker created                                  47   98'304
---------------------------------------------------------------
    Grand Total:                       28'489    2'607  111'161


*******************************************************************************
*** ENTRY LIST
***

Entry                       Address    Size  Type      Object
-----                       -------    ----  ----      ------
.iar.init_table$$Base        0x77c0           --   Gb  - Linker created -
.iar.init_table$$Limit       0x77ec           --   Gb  - Linker created -
?main                        0x77ed          Code  Gb  cmain.o [7]
ADCIntClear                  0x5731     0x8  Code  Gb  adc.o [4]
ADCIntStatus                 0x5705    0x2c  Code  Gb  adc.o [4]
ADCProcessorTrigger          0x584d    0x1c  Code  Gb  adc.o [4]
ADCSequenceConfigure         0x573f    0x58  Code  Gb  adc.o [4]
ADCSequenceDataGet           0x5825    0x28  Code  Gb  adc.o [4]
ADCSequenceEnable            0x5739     0x6  Code  Gb  adc.o [4]
ADCSequenceStepConfigure
                             0x5797    0x76  Code  Gb  adc.o [4]
Aldata                  0x2000'3218     0x8  Data  Lc  heap0.o [2]
BusFault_Handler             0x1dcf          Code  Wk  vectortrap_M.o [7]
BusFault_Handler()           0x14db     0x2  Code  Wk  startup_ewarm.o [1]
CPUcpsie                     0x6295     0x8  Code  Gb  cpu.o [4]
CSTACK$$Base            0x2000'3230           --   Gb  - Linker created -
CSTACK$$Limit           0x2000'b230           --   Gb  - Linker created -
DebugMon_Handler             0x1dcf          Code  Wk  vectortrap_M.o [7]
DebugMon_Handler()           0x19a7     0x2  Code  Wk  startup_ewarm.o [1]
GPIODirModeSet               0x54c1    0x28  Code  Gb  gpio.o [4]
GPIOIntDisable               0x56c1     0x6  Code  Gb  gpio.o [4]
GPIOIntEnable                0x56bb     0x6  Code  Gb  gpio.o [4]
GPIOIntTypeSet               0x54e9    0x4c  Code  Gb  gpio.o [4]
GPIOPadConfigSet             0x5535   0x186  Code  Gb  gpio.o [4]
GPIOPinTypeADC               0x56c7     0x4  Code  Gb  gpio.o [4]
GrContextFontSet             0x50a7     0x4  Code  Gb  string.o [5]
GrContextInit                0x515d    0x5e  Code  Gb  context.o [5]
GrDefaultStringRenderer
                             0x4c6f    0xb2  Code  Gb  string.o [5]
GrFontCodepageGet            0x504b    0x1c  Code  Gb  string.o [5]
GrFontGlyphDataGet           0x4fc7    0x84  Code  Gb  string.o [5]
GrFontGlyphRender            0x4d51   0x21e  Code  Gb  string.o [5]
GrFontInfoGet                0x4f9d    0x2a  Code  Gb  string.o [5]
GrMapISO8859_1_Unicode       0x7971     0x8  Code  Gb  charmap.o [5]
GrRectFill                   0x50ab    0xb2  Code  Gb  rectangle.o [5]
GrStringDraw                 0x4c59    0x16  Code  Gb  string.o [5]
GrStringNextCharGet          0x4d21    0x30  Code  Gb  string.o [5]
HEAP$$Base              0x2000'b230           --   Gb  - Linker created -
HEAP$$Limit             0x2001'b230           --   Gb  - Linker created -
HardFault_Handler            0x1dcf          Code  Wk  vectortrap_M.o [7]
HardFault_Handler()          0x128f     0x2  Code  Wk  startup_ewarm.o [1]
InitSSICom()                 0x237f    0x8c  Code  Gb  cfaf128x128x16.o [1]
IntDefaultHandler()          0x1dcb     0x2  Code  Wk  startup_ewarm.o [1]
IntEnable                    0x5945    0x52  Code  Gb  interrupt.o [4]
IntMasterEnable              0x58e9     0x8  Code  Gb  interrupt.o [4]
IntPrioritySet               0x5925    0x20  Code  Gb  interrupt.o [4]
IntRegister                  0x58f9    0x2c  Code  Gb  interrupt.o [4]
MemManage_Handler            0x1dcf          Code  Wk  vectortrap_M.o [7]
MemManage_Handler()          0x14a3     0x2  Code  Wk  startup_ewarm.o [1]
NMI_Handler                  0x1dcf          Code  Wk  vectortrap_M.o [7]
NMI_Handler()                0x118f     0x2  Code  Wk  startup_ewarm.o [1]
PendSV_Handler               0x40d5          Code  Gb  tx_thread_schedule.o [10]
PendSV_Handler()             0x19cb     0x2  Code  Wk  startup_ewarm.o [1]
RAM_bl$$Base            0x2000'0000           --   Gb  - Linker created -
RAM_bl$$Limit           0x2001'b240           --   Gb  - Linker created -
Region$$Table$$Base          0x77c0           --   Gb  - Linker created -
Region$$Table$$Limit         0x77ec           --   Gb  - Linker created -
SVC_Handler                  0x1dcf          Code  Wk  vectortrap_M.o [7]
SVC_Handler()                0x175f     0x2  Code  Wk  startup_ewarm.o [1]
SysCtlClockFreqSet           0x260f   0x206  Code  Gb  sysctl.o [4]
SysCtlPeripheralEnable       0x25f1     0x8  Code  Gb  sysctl.o [4]
SysCtlPeripheralReady        0x25cf     0x8  Code  Gb  sysctl.o [4]
SysTick_Handler              0x3fb3          Code  Gb  tx_initialize_low_level.o [1]
SysTick_Handler()            0x1b93     0x2  Code  Wk  startup_ewarm.o [1]
UpdateContextCharMapping
                             0x5067    0x40  Code  Lc  string.o [5]
UsageFault_Handler           0x1dcf          Code  Wk  vectortrap_M.o [7]
UsageFault_Handler()         0x14ff     0x2  Code  Wk  startup_ewarm.o [1]
[local to cfaf128x128x16_c]::cfaf128x128x16ColorTranslate(void *, unsigned int)
                             0x22df    0x1a  Code  Lc  cfaf128x128x16.o [1]
[local to cfaf128x128x16_c]::cfaf128x128x16Flush(void *)
                             0x22f9     0x2  Code  Lc  cfaf128x128x16.o [1]
[local to cfaf128x128x16_c]::cfaf128x128x16LineDrawH(void *, int, int, int, unsigned int)
                             0x221f    0x30  Code  Lc  cfaf128x128x16.o [1]
[local to cfaf128x128x16_c]::cfaf128x128x16LineDrawV(void *, int, int, int, unsigned int)
                             0x224f    0x30  Code  Lc  cfaf128x128x16.o [1]
[local to cfaf128x128x16_c]::cfaf128x128x16PixelDraw(void *, int, int, unsigned int)
                             0x204f    0x12  Code  Lc  cfaf128x128x16.o [1]
[local to cfaf128x128x16_c]::cfaf128x128x16PixelDrawMultiple(void *, int, int, int, int, int, unsigned char const *, unsigned char const *)
                             0x2061   0x1be  Code  Lc  cfaf128x128x16.o [1]
[local to cfaf128x128x16_c]::cfaf128x128x16RectFill(void *, tRectangle const *, unsigned int)
                             0x227f    0x60  Code  Lc  cfaf128x128x16.o [1]
[local to cfaf128x128x16_c]::cfaf128x128x16SetWindow(unsigned short, unsigned short, unsigned short, unsigned short)
                             0x1ec1    0xba  Code  Lc  cfaf128x128x16.o [1]
[local to cfaf128x128x16_c]::cfaf128x128x16SsiTransfer(unsigned char)
                             0x1df9    0x32  Code  Lc  cfaf128x128x16.o [1]
[local to cfaf128x128x16_c]::cfaf128x128x16WriteCommand(unsigned char)
                             0x1e2b    0x3c  Code  Lc  cfaf128x128x16.o [1]
[local to cfaf128x128x16_c]::cfaf128x128x16WriteData(unsigned char const *, unsigned int)
                             0x1e67    0x48  Code  Lc  cfaf128x128x16.o [1]
[local to cfaf128x128x16_c]::cfaf128x128x16WriteRegister(unsigned char, unsigned char)
                             0x1eaf    0x12  Code  Lc  cfaf128x128x16.o [1]
[local to cfaf128x128x16_c]::swap_i32(int *, int *)
                             0x1def     0xa  Code  Lc  cfaf128x128x16.o [1]
[local to cfaf128x128x16_c]::swap_ui16(unsigned short *, unsigned short *)
                             0x1de5     0xa  Code  Lc  cfaf128x128x16.o [1]
_LC                           0x241     0x6  Code  Lc  xprintffull_nomb.o [2]
_LitobFullNoMb                0xed1   0x114  Code  Lc  xprintffull_nomb.o [2]
_PrintfFullNoMb               0x247   0xc76  Code  Gb  xprintffull_nomb.o [2]
_PutcharsFullNoMb            0x103d    0x2e  Code  Lc  xprintffull_nomb.o [2]
_Rand_idx               0x2000'3204     0x4  Data  Lc  rand.o [2]
_Rand_rv                0x2000'3184    0x80  Data  Lc  rand.o [2]
_Randinit               0x2000'0274     0x1  Data  Gb  rand.o [2]
_Randseed               0x2000'0278     0x4  Data  Gb  rand.o [2]
_SProut                      0x110f     0xa  Code  Gb  xsprout.o [2]
_SysCtlMemTimingGet          0x25ad    0x22  Code  Lc  sysctl.o [4]
__aeabi_cdcmple              0x1301          Code  Gb  DblCmpLe.o [6]
__aeabi_cdrcmple             0x1335          Code  Gb  DblCmpGe.o [6]
__aeabi_d2iz                 0x14a5          Code  Gb  DblToS32.o [6]
__aeabi_d2uiz                0x19a9          Code  Gb  DblToU32.o [6]
__aeabi_dadd                 0x1501          Code  Gb  DblAddSub.o [6]
__aeabi_ddiv                 0x1761          Code  Gb  DblDiv.o [6]
__aeabi_dmul                 0x19e9          Code  Gb  DblMul.o [6]
__aeabi_dsub                 0x167d          Code  Gb  DblAddSub.o [6]
__aeabi_f2d                  0x3c35          Code  Gb  FltToDbl.o [6]
__aeabi_i2d                  0x14dd          Code  Gb  S32ToDbl.o [6]
__aeabi_ldiv0                0x1dcd          Code  Gb  I64DivZer.o [7]
__aeabi_memclr               0x69e9          Code  Gb  ABImemclr.o [7]
__aeabi_memcpy               0x11e9          Code  Gb  ABImemcpy.o [7]
__aeabi_memcpy4              0x1209          Code  Gb  ABImemcpy.o [7]
__aeabi_memcpy8              0x1209          Code  Gb  ABImemcpy.o [7]
__aeabi_memset               0x5ead          Code  Gb  ABImemset.o [7]
__aeabi_ui2d                 0x19cd          Code  Gb  U32ToDbl.o [6]
__aeabi_uldivmod             0x1b95          Code  Gb  I64DivMod.o [7]
__basic_free                 0x47cd    0x16  Code  Gb  heap0.o [2]
__basic_free_intern          0x47e3    0x74  Code  Lc  heap0.o [2]
__basic_malloc               0x4721    0x18  Code  Gb  heap0.o [2]
__basic_malloc_intern        0x4739    0x94  Code  Lc  heap0.o [2]
__cexit_clearlocks           0x7817          Code  Gb  cexit.o [7]
__cmain                      0x77ed          Code  Gb  cmain.o [7]
__cstart_clearlocks          0x7978          Data  Gb  cstart_clearlocks.o [7]
__data_GetMemChunk           0x61c1    0x2c  Code  Gb  xgetmemchunk.o [2]
__data_GetMemChunk::start
                        0x2000'3224     0x4  Data  Lc  xgetmemchunk.o [2]
__exit                       0x1dd1    0x14  Code  Gb  exit.o [8]
__iar_Fail_s                 0x1119    0x1c  Code  Gb  xfail_s.o [2]
__iar_Initlocks              0x409b    0x16  Code  Gb  xsyslock_mtx.o [9]
__iar_Locksyslock_Malloc
                             0x4065     0x6  Code  Gb  xsyslock_mtx.o [9]
__iar_Memchr                 0x1191          Code  Gb  memchr.o [7]
__iar_Memset                 0x5ead          Code  Gb  ABImemset.o [7]
__iar_Memset_word            0x5eb5          Code  Gb  ABImemset.o [7]
__iar_Strchr                 0x10f9          Code  Gb  strchr.o [7]
__iar_Unlocksyslock_Malloc
                             0x406b     0x6  Code  Gb  xsyslock_mtx.o [9]
__iar_clearlocks             0x4071    0x2a  Code  Gb  xsyslock_mtx.o [9]
__iar_copy_init3             0x10cf    0x2a  Code  Gb  copy_init3.o [7]
__iar_data_init3             0x7775    0x28  Code  Gb  data_init.o [7]
__iar_debug_exceptions       0x5f12     0x1  Data  Gb  unwind_debug.o [8]
__iar_frexp                  0x129d          Code  Gb  frexp.o [6]
__iar_frexpl                 0x129d          Code  Gb  frexp.o [6]
__iar_init_vfp               0x779d          Code  Gb  fpinit_M.o [6]
__iar_ldexp64                0x1369          Code  Gb  ldexp.o [6]
__iar_program_start          0x7825          Code  Gb  cstartup_M.o [7]
__iar_scalbln64              0x1369          Code  Gb  ldexp.o [6]
__iar_scalbn64               0x1369          Code  Gb  ldexp.o [6]
__iar_softfp___iar_frexp64
                             0x1291          Code  Gb  frexp.o [6]
__iar_softfp_frexp           0x1291          Code  Gb  frexp.o [6]
__iar_softfp_frexpl          0x1291          Code  Gb  frexp.o [6]
__iar_system_Mtxdst          0x5e13     0xa  Code  Gb  tx_iar.o [10]
__iar_system_Mtxinit         0x5daf    0x64  Code  Gb  tx_iar.o [10]
__iar_system_Mtxlock         0x5e1d    0x3a  Code  Gb  tx_iar.o [10]
__iar_system_Mtxunlock       0x5e57    0x36  Code  Gb  tx_iar.o [10]
__iar_tls$$DATA$$Length
                                0x0           --   Gb  - Linker created -
__iar_tls$$INIT_DATA$$Base
                                0x0           --   Gb  - Linker created -
__iar_tls$$INIT_DATA$$Length
                                0x0           --   Gb  - Linker created -
__iar_tls_init               0x6571     0xc  Code  Gb  tlsinit.o [9]
__iar_tls_init_no_ctors
                             0x6555    0x1c  Code  Gb  tlsinit.o [9]
__iar_tls_size               0x657d     0x4  Code  Gb  tlsinit.o [9]
__iar_zero_init3             0x76e5    0x38  Code  Gb  zero_init3.o [7]
__low_level_init             0x780b     0x4  Code  Gb  low_level_init.o [2]
__time64                     0x61ed    0x14  Code  Gb  time64.o [8]
__tx_PendSVHandler           0x40d5          Code  Gb  tx_thread_schedule.o [10]
__tx_SysTickHandler          0x3fb3          Code  Gb  tx_initialize_low_level.o [1]
__tx_free_memory_start  0x2001'b230          Data  Gb  tx_initialize_low_level.o [1]
__tx_iar_system_lock_internal_errors
                        0x2000'317c     0x4  Data  Gb  tx_iar.o [10]
__tx_iar_system_lock_isr_caller
                        0x2000'3180     0x4  Data  Gb  tx_iar.o [10]
__tx_iar_system_lock_mutexes
                        0x2000'30a4    0xd0  Data  Lc  tx_iar.o [10]
__tx_iar_system_lock_next_free_mutex
                        0x2000'3174     0x4  Data  Lc  tx_iar.o [10]
__tx_iar_system_lock_no_mutexes
                        0x2000'3178     0x4  Data  Gb  tx_iar.o [10]
__vector_table                  0x0   0x200  Data  Lc  startup_ewarm.o [1]
__vector_table                0x200          Data  Gb  vector_table_M.o [7]
_call_main                   0x77f9          Code  Gb  cmain.o [7]
_exit                        0x7815          Code  Gb  cexit.o [7]
_orientation            0x2000'3228     0x1  Data  Lc  cfaf128x128x16.o [1]
_tx_block_allocate           0x4609    0xac  Code  Gb  tx_block_allocate.o [10]
_tx_block_pool_cleanup       0x74b9    0x88  Code  Gb  tx_block_pool_cleanup.o [10]
_tx_block_pool_create        0x4501    0xb0  Code  Gb  tx_block_pool_create.o [10]
_tx_block_pool_created_count
                        0x2000'2b28     0x4  Data  Gb  tx_initialize_high_level.o [10]
_tx_block_pool_created_ptr
                        0x2000'2b24     0x4  Data  Gb  tx_initialize_high_level.o [10]
_tx_block_release            0x46b5    0x6c  Code  Gb  tx_block_release.o [10]
_tx_build_options       0x2000'2b00     0x4  Data  Gb  tx_thread_initialize.o [10]
_tx_byte_allocate            0x4231    0xf4  Code  Gb  tx_byte_allocate.o [10]
_tx_byte_pool_cleanup        0x7541    0x88  Code  Gb  tx_byte_pool_cleanup.o [10]
_tx_byte_pool_create         0x4195    0x9c  Code  Gb  tx_byte_pool_create.o [10]
_tx_byte_pool_created_count
                        0x2000'2b30     0x4  Data  Gb  tx_initialize_high_level.o [10]
_tx_byte_pool_created_ptr
                        0x2000'2b2c     0x4  Data  Gb  tx_initialize_high_level.o [10]
_tx_byte_pool_search         0x5f15   0x124  Code  Gb  tx_byte_pool_search.o [10]
_tx_event_flags_cleanup
                             0x7429    0x90  Code  Gb  tx_event_flags_cleanup.o [10]
_tx_event_flags_create       0x45b1    0x58  Code  Gb  tx_event_flags_create.o [10]
_tx_event_flags_created_count
                        0x2000'2b18     0x4  Data  Gb  tx_initialize_high_level.o [10]
_tx_event_flags_created_ptr
                        0x2000'2b14     0x4  Data  Gb  tx_initialize_high_level.o [10]
_tx_event_flags_get          0x59f5    0xf4  Code  Gb  tx_event_flags_get.o [10]
_tx_event_flags_set          0x629d   0x22c  Code  Gb  tx_event_flags_set.o [10]
_tx_iar_create_per_thread_tls_area
                             0x5d99    0x16  Code  Gb  tx_iar.o [10]
_tx_initialize_high_level
                             0x3fe1    0x84  Code  Gb  tx_initialize_high_level.o [10]
_tx_initialize_kernel_enter
                             0x2e8d    0x4c  Code  Gb  tx_initialize_kernel_enter.o [10]
_tx_initialize_low_level
                             0x3f6d          Code  Gb  tx_initialize_low_level.o [1]
_tx_initialize_unused_memory
                        0x2000'2b34     0x4  Data  Gb  tx_initialize_high_level.o [10]
_tx_mutex_cleanup            0x7231    0x7a  Code  Gb  tx_mutex_cleanup.o [10]
_tx_mutex_create             0x6591    0x6c  Code  Gb  tx_mutex_create.o [10]
_tx_mutex_created_count
                        0x2000'2b20     0x4  Data  Gb  tx_initialize_high_level.o [10]
_tx_mutex_created_ptr   0x2000'2b1c     0x4  Data  Gb  tx_initialize_high_level.o [10]
_tx_mutex_delete             0x65fd    0xb4  Code  Gb  tx_mutex_delete.o [10]
_tx_mutex_get                0x66b1   0x118  Code  Gb  tx_mutex_get.o [10]
_tx_mutex_prioritize         0x6ae1    0xb0  Code  Gb  tx_mutex_prioritize.o [10]
_tx_mutex_priority_change
                             0x69f1    0xf0  Code  Gb  tx_mutex_priority_change.o [10]
_tx_mutex_put                0x67c9   0x220  Code  Gb  tx_mutex_put.o [10]
_tx_mutex_thread_release
                             0x72ad    0x40  Code  Gb  tx_mutex_cleanup.o [10]
_tx_queue_cleanup            0x7395    0x94  Code  Gb  tx_queue_cleanup.o [10]
_tx_queue_create             0x447d    0x84  Code  Gb  tx_queue_create.o [10]
_tx_queue_created_count
                        0x2000'2b10     0x4  Data  Gb  tx_initialize_high_level.o [10]
_tx_queue_created_ptr   0x2000'2b0c     0x4  Data  Gb  tx_initialize_high_level.o [10]
_tx_queue_receive            0x4a6d   0x1ec  Code  Gb  tx_queue_receive.o [10]
_tx_queue_send               0x4909   0x164  Code  Gb  tx_queue_send.o [10]
_tx_semaphore_created_count
                        0x2000'2b08     0x4  Data  Gb  tx_initialize_high_level.o [10]
_tx_semaphore_created_ptr
                        0x2000'2b04     0x4  Data  Gb  tx_initialize_high_level.o [10]
_tx_thread_create            0x4325   0x158  Code  Gb  tx_thread_create.o [10]
_tx_thread_created_count
                        0x2000'2a68     0x4  Data  Gb  tx_thread_initialize.o [10]
_tx_thread_created_ptr  0x2000'2a64     0x4  Data  Gb  tx_thread_initialize.o [10]
_tx_thread_current_ptr  0x2000'2a5c     0x4  Data  Gb  tx_thread_initialize.o [10]
_tx_thread_execute_ptr  0x2000'2a60     0x4  Data  Gb  tx_thread_initialize.o [10]
_tx_thread_highest_priority
                        0x2000'2a74     0x4  Data  Gb  tx_thread_initialize.o [10]
_tx_thread_initialize        0x5c31    0x88  Code  Gb  tx_thread_initialize.o [10]
_tx_thread_mutex_release
                        0x2000'2afc     0x4  Data  Gb  tx_thread_initialize.o [10]
_tx_thread_preempt_disable
                        0x2000'2af8     0x4  Data  Gb  tx_thread_initialize.o [10]
_tx_thread_preempted_maps
                        0x2000'2a70     0x4  Data  Gb  tx_thread_initialize.o [10]
_tx_thread_priority_list
                        0x2000'2a78    0x80  Data  Gb  tx_thread_initialize.o [10]
_tx_thread_priority_maps
                        0x2000'2a6c     0x4  Data  Gb  tx_thread_initialize.o [10]
_tx_thread_resume            0x5879    0x70  Code  Gb  tx_thread_resume.o [10]
_tx_thread_schedule          0x40b5          Code  Gb  tx_thread_schedule.o [10]
_tx_thread_shell_entry       0x75c9    0x78  Code  Gb  tx_thread_shell_entry.o [10]
_tx_thread_sleep             0x3c7d    0x90  Code  Gb  tx_thread_sleep.o [10]
_tx_thread_stack_build       0x6039          Code  Gb  tx_thread_stack_build.o [10]
_tx_thread_suspend           0x5ae9    0x90  Code  Gb  tx_thread_suspend.o [10]
_tx_thread_system_preempt_check
                             0x4155    0x40  Code  Gb  tx_thread_system_preempt_check.o [10]
_tx_thread_system_resume
                             0x607d   0x144  Code  Gb  tx_thread_system_resume.o [10]
_tx_thread_system_stack_ptr
                        0x2000'2a58     0x4  Data  Gb  tx_thread_initialize.o [10]
_tx_thread_system_state
                        0x2000'0270     0x4  Data  Gb  tx_thread_initialize.o [10]
_tx_thread_system_suspend
                             0x52f9   0x1c8  Code  Gb  tx_thread_system_suspend.o [10]
_tx_thread_terminate         0x5215    0xe4  Code  Gb  tx_thread_terminate.o [10]
_tx_thread_time_slice        0x64ed    0x68  Code  Gb  tx_thread_time_slice.o [10]
_tx_thread_timeout           0x76ad    0x38  Code  Gb  tx_thread_timeout.o [10]
_tx_timer_created_count
                        0x2000'2bd4     0x4  Data  Gb  tx_timer_initialize.o [10]
_tx_timer_created_ptr   0x2000'2bd0     0x4  Data  Gb  tx_timer_initialize.o [10]
_tx_timer_current_ptr   0x2000'2bc8     0x4  Data  Gb  tx_timer_initialize.o [10]
_tx_timer_expiration_process
                             0x64c9    0x24  Code  Gb  tx_timer_expiration_process.o [10]
_tx_timer_expired       0x2000'2bcc     0x4  Data  Gb  tx_timer_initialize.o [10]
_tx_timer_expired_time_slice
                        0x2000'2b3c     0x4  Data  Gb  tx_timer_initialize.o [10]
_tx_timer_expired_timer_ptr
                        0x2000'2bd8     0x4  Data  Gb  tx_timer_initialize.o [10]
_tx_timer_initialize         0x5cb9    0xe0  Code  Gb  tx_timer_initialize.o [10]
_tx_timer_interrupt          0x5b79          Code  Gb  tx_timer_interrupt.o [10]
_tx_timer_list          0x2000'2b40    0x80  Data  Gb  tx_timer_initialize.o [10]
_tx_timer_list_end      0x2000'2bc4     0x4  Data  Gb  tx_timer_initialize.o [10]
_tx_timer_list_start    0x2000'2bc0     0x4  Data  Gb  tx_timer_initialize.o [10]
_tx_timer_priority      0x2000'2c9c     0x4  Data  Gb  tx_timer_initialize.o [10]
_tx_timer_stack_size    0x2000'2c98     0x4  Data  Gb  tx_timer_initialize.o [10]
_tx_timer_stack_start   0x2000'2c94     0x4  Data  Gb  tx_timer_initialize.o [10]
_tx_timer_system_activate
                             0x6231    0x64  Code  Gb  tx_timer_system_activate.o [10]
_tx_timer_system_clock  0x2000'2b38     0x4  Data  Gb  tx_timer_initialize.o [10]
_tx_timer_system_deactivate
                             0x6201    0x2e  Code  Gb  tx_timer_system_deactivate.o [10]
_tx_timer_thread        0x2000'2bdc    0xb8  Data  Gb  tx_timer_initialize.o [10]
_tx_timer_thread_entry       0x7101   0x130  Code  Gb  tx_timer_thread_entry.o [10]
_tx_timer_thread_stack_area
                        0x2000'2ca0   0x400  Data  Gb  tx_timer_initialize.o [10]
_tx_timer_time_slice    0x2000'30a0     0x4  Data  Gb  tx_timer_initialize.o [10]
_txe_block_allocate          0x3435    0x60  Code  Gb  txe_block_allocate.o [10]
_txe_block_pool_create       0x3295    0xec  Code  Gb  txe_block_pool_create.o [10]
_txe_block_release           0x3495    0x30  Code  Gb  txe_block_release.o [10]
_txe_byte_allocate           0x2fb1    0x98  Code  Gb  txe_byte_allocate.o [10]
_txe_byte_pool_create        0x2ed9    0xd8  Code  Gb  txe_byte_pool_create.o [10]
_txe_event_flags_create
                             0x3381    0xb4  Code  Gb  txe_event_flags_create.o [10]
_txe_event_flags_get         0x3edd    0x70  Code  Gb  txe_event_flags_get.o [10]
_txe_event_flags_set         0x59c1    0x34  Code  Gb  txe_event_flags_set.o [10]
_txe_queue_create            0x31a5    0xf0  Code  Gb  txe_queue_create.o [10]
_txe_queue_receive           0x3669    0x60  Code  Gb  txe_queue_receive.o [10]
_txe_queue_send              0x3609    0x60  Code  Gb  txe_queue_send.o [10]
_txe_thread_create           0x3049   0x15c  Code  Gb  txe_thread_create.o [10]
_txe_thread_resume           0x3e1d    0x20  Code  Gb  txe_thread_resume.o [10]
_txe_thread_suspend          0x3f4d    0x20  Code  Gb  txe_thread_suspend.o [10]
_txe_thread_terminate        0x3bfd    0x38  Code  Gb  txe_thread_terminate.o [10]
abort                        0x1dc5     0x6  Code  Gb  abort.o [2]
block_pool_0            0x2000'0644    0x30  Data  Gb  main.o [1]
byte_pool_0             0x2000'0610    0x34  Data  Gb  main.o [1]
byte_pool_memory        0x2000'069c  0x23a0  Data  Gb  main.o [1]
cfaf128x128x16Clear()        0x2375     0xa  Code  Gb  cfaf128x128x16.o [1]
cfaf128x128x16ClearColor(unsigned short)
                             0x234d    0x28  Code  Gb  cfaf128x128x16.o [1]
cfaf128x128x16Dot(unsigned short, unsigned short, unsigned short, unsigned int)
                             0x2033    0x1c  Code  Gb  cfaf128x128x16.o [1]
cfaf128x128x16Init           0x240b   0x13e  Code  Gb  cfaf128x128x16.o [1]
cfaf128x128x16LineHor(unsigned short, unsigned short, unsigned short, unsigned short, unsigned int)
                             0x201d    0x16  Code  Gb  cfaf128x128x16.o [1]
cfaf128x128x16LineVer(unsigned short, unsigned short, unsigned short, unsigned short, unsigned int)
                             0x1fff    0x1e  Code  Gb  cfaf128x128x16.o [1]
cfaf128x128x16Rect(unsigned short, unsigned short, unsigned short, unsigned short, unsigned int)
                             0x1f7b    0x84  Code  Gb  cfaf128x128x16.o [1]
cfaf128x128x16SetOrientation(unsigned char)
                             0x22fb    0x52  Code  Gb  cfaf128x128x16.o [1]
exit                         0x780f     0x4  Code  Gb  exit.o [2]
food                    0x2000'2a48     0x4  Data  Gb  main.o [1]
free                         0x485d     0x4  Code  Gb  heaptramp0.o [2]
g_pfnRAMVectors         0x2000'0000   0x26c  Data  Lc  interrupt.o [4]
g_pppui32XTALtoVCO           0x6f50   0x1b0  Data  Lc  sysctl.o [4]
g_psDefaultCodePointMapTable
                             0x51c4    0x10  Data  Gb  context.o [5]
g_psGrLibDefaults       0x2000'2a54     0x4  Data  Lc  context.o [5]
g_pui32EnRegs                0x59ac    0x14  Data  Lc  interrupt.o [4]
g_pui32Regs                  0x72f8    0x9c  Data  Lc  interrupt.o [4]
g_pui32VCOFrequencies        0x284c     0x8  Data  Lc  sysctl.o [4]
g_pui32Xtals                 0x7640    0x6c  Data  Lc  sysctl.o [4]
g_pui8FontFixed6x8Data       0x6b90   0x2f8  Data  Lc  fontfixed6x8.o [5]
g_sCfaf128x128x16            0x774c    0x28  Data  Gb  cfaf128x128x16.o [1]
g_sFontFixed6x8              0x6e88    0xc8  Data  Gb  fontfixed6x8.o [5]
g_sXTALtoMEMTIM              0x771c    0x30  Data  Lc  sysctl.o [4]
g_ui32SysClock          0x2000'0280     0x4  Data  Lc  cfaf128x128x16.o [1]
game_over(int)               0x39d9   0x108  Code  Gb  lcd.o [1]
head                    0x2000'2a40     0x4  Data  Gb  main.o [1]
initBackground()             0x377b    0xc6  Code  Gb  lcd.o [1]
initJOY()                    0x3d0d    0x96  Code  Gb  joystick.o [1]
initLCD()                    0x3841    0x14  Code  Gb  lcd.o [1]
initPAUSE()                  0x3e3d    0x5c  Code  Gb  pause_button.o [1]
initTela()                   0x36c9    0xb2  Code  Gb  lcd.o [1]
joy_X                   0x2000'0288     0x4  Data  Gb  joystick.o [1]
joy_Y                   0x2000'0284     0x4  Data  Gb  joystick.o [1]
joy_updated             0x2000'0598    0x3c  Data  Gb  main.o [1]
ldexp                        0x1369          Code  Gb  ldexp.o [6]
ldexpl                       0x1369          Code  Gb  ldexp.o [6]
main                         0x2855    0x1c  Code  Gb  main.o [1]
memchr                       0x1191          Code  Gb  memchr.o [7]
mtx                     0x2000'3208    0x10  Data  Lc  xsyslock_mtx.o [9]
new_food(Node *)             0x355b    0x5e  Code  Gb  snake_list.o [1]
new_print(unsigned int, unsigned int, unsigned int)
                             0x3855    0xf6  Code  Gb  lcd.o [1]
pause                   0x2000'027c     0x1  Data  Gb  pause_button.o [1]
pause_IntHandler()           0x3e99    0x32  Code  Gb  pause_button.o [1]
pause_flag              0x2000'0674    0x28  Data  Gb  main.o [1]
print_pause(bool)            0x394b    0x8e  Code  Gb  lcd.o [1]
rand                         0x4865    0x8a  Code  Gb  rand.o [2]
sContext                0x2000'028c    0x2c  Data  Gb  lcd.o [1]
scalbln                      0x1369          Code  Gb  ldexp.o [6]
scalblnl                     0x1369          Code  Gb  ldexp.o [6]
scalbn                       0x1369          Code  Gb  ldexp.o [6]
scalbnl                      0x1369          Code  Gb  ldexp.o [6]
scale                         0xfe5    0x46  Code  Lc  xprintffull_nomb.o [2]
sec_hand                0x2000'3220     0x4  Data  Lc  xfail_s.o [2]
snake_add(Node *, int, int, int)
                             0x34c9    0x1a  Code  Gb  snake_list.o [1]
snake_ate(Node *, Node *, int)
                             0x35b9    0x38  Code  Gb  snake_list.o [1]
snake_collision(Node *)
                             0x35f1    0x18  Code  Gb  snake_list.o [1]
snake_create()               0x34c5     0x4  Code  Gb  snake_list.o [1]
snake_free(Node *)           0x34e3    0x12  Code  Gb  snake_list.o [1]
snake_search(Node *, int, int)
                             0x34f5    0x1a  Code  Gb  snake_list.o [1]
snake_speed             0x2000'026c     0x4  Data  Gb  main.o [1]
snake_update(Node *, int)
                             0x350f    0x4c  Code  Gb  snake_list.o [1]
sprintf                      0x51d5    0x40  Code  Gb  sprintf.o [2]
srand                        0x48ef     0xa  Code  Gb  rand.o [2]
strchr                       0x10f9          Code  Gb  strchr.o [7]
strlen                       0x1159          Code  Gb  strlen.o [7]
tail                    0x2000'2a44     0x4  Data  Gb  main.o [1]
tail_x                  0x2000'2a4c     0x4  Data  Gb  main.o [1]
tail_y                  0x2000'2a50     0x4  Data  Gb  main.o [1]
thread_game             0x2000'02b8    0xb8  Data  Gb  main.o [1]
thread_game_entry(unsigned long)
                             0x2a25   0x1f2  Code  Gb  main.o [1]
thread_joy              0x2000'0370    0xb8  Data  Gb  main.o [1]
thread_joy_entry(unsigned long)
                             0x2c19    0xca  Code  Gb  main.o [1]
thread_lcd              0x2000'0428    0xb8  Data  Gb  main.o [1]
thread_lcd_entry(unsigned long)
                             0x2ce5    0xc6  Code  Gb  main.o [1]
thread_pause            0x2000'04e0    0xb8  Data  Gb  main.o [1]
thread_pause_entry(unsigned long)
                             0x2db1    0x54  Code  Gb  main.o [1]
time                         0x4861     0x4  Code  Gb  time_trampoline.o [2]
tx_application_define        0x2871   0x1b2  Code  Gb  main.o [1]
ui32SysClock            0x2000'2a3c     0x4  Data  Gb  main.o [1]
updateJOY()                  0x3da3    0x58  Code  Gb  joystick.o [1]
update_lcd              0x2000'05d4    0x3c  Data  Gb  main.o [1]
you_win()                    0x3ae1    0xe2  Code  Gb  lcd.o [1]


[1] = C:\Users\lucas\Documents\UTFPR\Semestre\Sistemas Embarcados\LucasLeyser\sist-emb\Projeto_Final\Debug\Obj
[2] = dl7M_tln.a
[3] = dlpprt7M_tl_nc.a
[4] = driverlib.a
[5] = grlib.a
[6] = m7M_tls.a
[7] = rt7M_tl.a
[8] = shb_l.a
[9] = th7M_tln.a
[10] = tx.a

   28'489 bytes of readonly  code memory
    2'607 bytes of readonly  data memory
  111'161 bytes of readwrite data memory

Errors: none
Warnings: 1
